Microchip MPLAB XC8 Compiler V1.31 ()

Linker command line:

--edf=/opt/microchip/xc8/v1.31/dat/en_msgs.txt -cs \
  -h+dist/16f628A/production/interruptor_Inalambrico_Esclavo_RS232.X.production.sym \
  --cmf=dist/16f628A/production/interruptor_Inalambrico_Esclavo_RS232.X.production.cmf \
  -z -Q16F628A -o/tmp/cgtTLeq57 \
  -Mdist/16f628A/production/interruptor_Inalambrico_Esclavo_RS232.X.production.map \
  -E1 -ver=XC8 -ASTACK=0A0h-0efh -pstack=STACK -ACONST=00h-0FFhx8 \
  -ACODE=00h-07FFh -ASTRCODE=00h-07FFh -AENTRY=00h-0FFhx8 \
  -ASTRING=00h-0FFhx8 -ACOMMON=070h-07Fh -ABANK0=020h-06Fh \
  -ABANK1=0A0h-0EFh -ABANK2=0120h-014Fh \
  -ARAM=020h-06Fh,0A0h-0EFh,0120h-014Fh \
  -AABS1=020h-07Fh,0A0h-0EFh,0120h-014Fh -ASFR0=00h-01Fh -ASFR1=080h-09Fh \
  -ASFR2=0100h-011Fh -ASFR3=0180h-01EFh \
  -preset_vec=00h,intentry=04h,init,end_init -ppowerup=CODE -pcinit=CODE \
  -pfunctab=CODE -ACONFIG=02007h-02007h -pconfig=CONFIG -DCONFIG=2 \
  -AIDLOC=02000h-02003h -pidloc=IDLOC -DIDLOC=2 -AEEDATA=00h-07Fh/02100h \
  -peeprom_data=EEDATA -DEEDATA=2 -DCODE=2 -DSTRCODE=2 -DSTRING=2 -DCONST=2 \
  -DENTRY=2 -k /tmp/cgtSnecul.obj \
  dist/16f628A/production/interruptor_Inalambrico_Esclavo_RS232.X.production.obj 

Object code version is 3.11

Machine type is 16F628A



                Name                               Link     Load   Length Selector   Space Scale
/tmp/cgtSnecul.obj
                end_init                              C        C        1        8       0
                reset_vec                             0        0        1        0       0
                config                             2007     2007        1     400E       0
dist/16f628A/production/interruptor_Inalambrico_Esclavo_RS232.X.production.obj
                cinit                                 D        D        C        8       0
                intentry                              4        4        8        8       0
                text9                               19C      19C        2        8       0
                text8                                78       78       5D        8       0
                text7                               199      199        3        8       0
                text6                               147      147       21        8       0
                text5                                D5       D5       51        8       0
                text4                               17E      17E       11        8       0
                text3                                19       19       5F        8       0
                text2                               168      168       16        8       0
                text1                               18F      18F        A        8       0
                maintext                            126      126       21        8       0
                cstackBANK0                          20       20       2C       20       1
                cstackCOMMON                         70       70        6       70       1
                bssBANK0                             4C       4C        8       20       1
                bssCOMMON                            76       76        2       70       1

TOTAL           Name                               Link     Load   Length     Space
        CLASS   STACK          

        CLASS   CONST          

        CLASS   CODE           
                end_init                              C        C        1         0
                cinit                                 D        D        C         0
                intentry                              4        4        8         0
                reset_vec                             0        0        1         0
                text9                               19C      19C        2         0
                text8                                78       78       5D         0
                text7                               199      199        3         0
                text6                               147      147       21         0
                text5                                D5       D5       51         0
                text4                               17E      17E       11         0
                text3                                19       19       5F         0
                text2                               168      168       16         0
                text1                               18F      18F        A         0
                maintext                            126      126       21         0

        CLASS   STRCODE        

        CLASS   ENTRY          

        CLASS   STRING         

        CLASS   COMMON         
                cstackCOMMON                         70       70        6         1
                bssCOMMON                            76       76        2         1

        CLASS   BANK0          
                cstackBANK0                          20       20       2C         1
                bssBANK0                             4C       4C        8         1

        CLASS   BANK1          

        CLASS   BANK2          

        CLASS   RAM            

        CLASS   ABS1           
                abs_s1                               7E       7E        2         1

        CLASS   SFR0           

        CLASS   SFR1           

        CLASS   SFR2           

        CLASS   SFR3           

        CLASS   CONFIG         
                config                             2007     2007        1         0

        CLASS   IDLOC          

        CLASS   EEDATA         

        CLASS   BANK3          



SEGMENTS        Name                           Load    Length   Top    Selector   Space  Class     Delta

                reset_vec                      000000  000001  000001         0       0  CODE        2
                intentry                       000004  00019A  00019E         8       0  CODE        2
                cstackBANK0                    000020  000034  000054        20       1  BANK0       1
                cstackCOMMON                   000070  000008  000078        70       1  COMMON      1
                config                         002007  000001  002008      400E       0  CONFIG      2


UNUSED ADDRESS RANGES

        Name                Unused          Largest block    Delta
        BANK0            0054-006F             1C           1
        BANK1            00A0-00EF             50           1
        BANK2            0120-014F             30           1
        CODE             0001-0003              3           2
                         019E-07FF            662
        COMMON           0078-007D              6           1
        CONST            0001-0003              3           2
                         019E-07FF            100
        EEDATA           2100-217F             80           2
        ENTRY            0001-0003              3           2
                         019E-07FF            100
        IDLOC            2000-2003              4           2
        RAM              0054-006F             1C           1
                         00A0-00EF             50
                         0120-014F             30
        SFR0             0000-001F             20           1
        SFR1             0080-009F             20           1
        SFR2             0100-011F             20           1
        SFR3             0180-01EF             70           1
        STACK            00A0-00EF             50           1
        STRCODE          0001-0003              3           2
                         019E-07FF            662
        STRING           0001-0003              3           2
                         019E-07FF            100

                                  Symbol Table

?_CRC16                        cstackBANK0  0020
?_calcula_CRC16                cstackBANK0  0035
?_calcula_mensaje_crc          cstackBANK0  0044
?_strlen                       cstackBANK0  0020
CRC16@exit_value               cstackBANK0  0028
CRC16@i                        cstackBANK0  002D
CRC16@init_value               cstackBANK0  0024
CRC16@poly                     cstackBANK0  0020
CRC16@res                      cstackBANK0  0031
CRC16@value                    cstackBANK0  002C
_Bandera_estado_llave          bssBANK0     004C
_CMCON                         (abs)        001F
_CRC16                         text5        00D5
_ConfigureOscillator           text7        0199
_INTCONbits                    (abs)        000B
_InitApp                       text6        0147
_OPTION_REGbits                (abs)        0081
_PCONbits                      (abs)        008E
_PIE1bits                      (abs)        008C
_PIR1bits                      (abs)        000C
_PORTA                         (abs)        0005
_PORTB                         (abs)        0006
_PORTBbits                     (abs)        0006
_RB0                           (abs)        0030
_RCREG                         (abs)        001A
_RCSTAbits                     (abs)        0018
_SPBRG                         (abs)        0099
_TMR0                          (abs)        0001
_TRISA                         (abs)        0085
_TRISB                         (abs)        0086
_TXSTAbits                     (abs)        0098
__CFG_BOREN$ON                 (abs)        0000
__CFG_CP$OFF                   (abs)        0000
__CFG_CPD$OFF                  (abs)        0000
__CFG_FOSC$INTOSCIO            (abs)        0000
__CFG_LVP$OFF                  (abs)        0000
__CFG_MCLRE$ON                 (abs)        0000
__CFG_PWRTE$ON                 (abs)        0000
__CFG_WDTE$OFF                 (abs)        0000
__Habs1                        abs1         0000
__Hbank0                       bank0        0000
__Hbank1                       bank1        0000
__Hbank2                       bank2        0000
__Hbank3                       bank3        0000
__HbssBANK0                    bssBANK0     0000
__HbssCOMMON                   bssCOMMON    0000
__Hcinit                       cinit        0019
__Hclrtext                     clrtext      0000
__Hcode                        code         0000
__Hcommon                      common       0000
__Hconfig                      config       2008
__HcstackBANK0                 cstackBANK0  0000
__HcstackCOMMON                cstackCOMMON 0000
__Heeprom_data                 eeprom_data  0000
__Hend_init                    end_init     000D
__Hfunctab                     functab      0000
__Hidloc                       idloc        0000
__Hinit                        init         000C
__Hintentry                    intentry     000C
__Hmaintext                    maintext     0000
__Hpa_nodes                    pa_nodes     0000
__Hpowerup                     powerup      0000
__Hram                         ram          0000
__Hreset_vec                   reset_vec    0001
__Hsfr0                        sfr0         0000
__Hsfr1                        sfr1         0000
__Hsfr2                        sfr2         0000
__Hsfr3                        sfr3         0000
__Hstack                       stack        0000
__Hstrings                     strings      0000
__Htext                        text         0000
__Labs1                        abs1         0000
__Lbank0                       bank0        0000
__Lbank1                       bank1        0000
__Lbank2                       bank2        0000
__Lbank3                       bank3        0000
__LbssBANK0                    bssBANK0     0000
__LbssCOMMON                   bssCOMMON    0000
__Lcinit                       cinit        000D
__Lclrtext                     clrtext      0000
__Lcode                        code         0000
__Lcommon                      common       0000
__Lconfig                      config       2007
__LcstackBANK0                 cstackBANK0  0000
__LcstackCOMMON                cstackCOMMON 0000
__Leeprom_data                 eeprom_data  0000
__Lend_init                    end_init     000C
__Lfunctab                     functab      0000
__Lidloc                       idloc        0000
__Linit                        init         000C
__Lintentry                    intentry     0004
__Lmaintext                    maintext     0000
__Lpa_nodes                    pa_nodes     0000
__Lpowerup                     powerup      0000
__Lram                         ram          0000
__Lreset_vec                   reset_vec    0000
__Lsfr0                        sfr0         0000
__Lsfr1                        sfr1         0000
__Lsfr2                        sfr2         0000
__Lsfr3                        sfr3         0000
__Lstack                       stack        0000
__Lstrings                     strings      0000
__Ltext                        text         0000
__S0                           (abs)        2008
__S1                           (abs)        0078
__S2                           (abs)        0000
__S3                           (abs)        0000
___int_sp                      stack        0000
___latbits                     (abs)        0000
___sp                          stack        0000
__end_of_CRC16                 text5        0126
__end_of_ConfigureOscillator   text7        019C
__end_of_InitApp               text6        0168
__end_of__initialization       cinit        0017
__end_of_calcula_CRC16         text3        0078
__end_of_calcula_mensaje_crc   text2        017E
__end_of_configura_USART       text1        0199
__end_of_getch                 text9        019E
__end_of_isr                   text8        00D5
__end_of_main                  maintext     0147
__end_of_strlen                text4        018F
__initialization               cinit        000D
__pbssBANK0                    bssBANK0     004C
__pbssCOMMON                   bssCOMMON    0076
__pcstackBANK0                 cstackBANK0  0020
__pcstackCOMMON                cstackCOMMON 0070
__pintentry                    intentry     0004
__pmaintext                    maintext     0126
__ptext0                       text0        0000
__ptext1                       text1        018F
__ptext2                       text2        0168
__ptext3                       text3        0019
__ptext4                       text4        017E
__ptext5                       text5        00D5
__ptext6                       text6        0147
__ptext7                       text7        0199
__ptext8                       text8        0078
__ptext9                       text9        019C
__size_of_CRC16                (abs)        0000
__size_of_ConfigureOscillator  (abs)        0000
__size_of_InitApp              (abs)        0000
__size_of_calcula_CRC16        (abs)        0000
__size_of_calcula_mensaje_crc  (abs)        0000
__size_of_configura_USART      (abs)        0000
__size_of_getch                (abs)        0000
__size_of_isr                  (abs)        0000
__size_of_main                 (abs)        0000
__size_of_strlen               (abs)        0000
_cadenarecibida                bssBANK0     004E
_calcula_CRC16                 text3        0019
_calcula_mensaje_crc           text2        0168
_configura_USART               text1        018F
_getch                         text9        019C
_indice_de_dato                bssCOMMON    0076
_isr                           text8        0078
_main                          maintext     0126
_pasaron_20ms                  bssCOMMON    0077
_recibi_datos                  bssBANK0     004D
_strlen                        text4        017E
btemp                          (abs)        007E
calcula_CRC16@aux              cstackBANK0  003F
calcula_CRC16@datos            cstackBANK0  0043
calcula_CRC16@i                cstackBANK0  0041
calcula_CRC16@inival           cstackBANK0  0039
calcula_CRC16@polinomio        cstackBANK0  0035
calcula_mensaje_crc@CRC        cstackBANK0  0047
calcula_mensaje_crc@packet_ptr cstackBANK0  0049
end_of_initialization          cinit        0017
interrupt_function             intentry     0004
intlevel0                      functab      0000
intlevel1                      functab      0000
intlevel2                      functab      0000
intlevel3                      functab      0000
intlevel4                      functab      0000
intlevel5                      functab      0000
isr@datosrecibidos             cstackCOMMON 0075
ltemp                          (abs)        007E
ltemp0                         (abs)        007E
ltemp1                         (abs)        0082
ltemp2                         (abs)        0086
ltemp3                         (abs)        0080
reset_vec                      reset_vec    0000
saved_w                        (abs)        007E
stackhi                        (abs)        0000
stacklo                        (abs)        0000
start                          init         000C
start_initialization           cinit        000D
strlen@cp                      cstackBANK0  0024
strlen@s                       cstackBANK0  0023
ttemp                          (abs)        007E
ttemp0                         (abs)        007E
ttemp1                         (abs)        0081
ttemp2                         (abs)        0084
ttemp3                         (abs)        0087
ttemp4                         (abs)        007F
wtemp                          (abs)        007E
wtemp0                         (abs)        007E
wtemp1                         (abs)        0080
wtemp2                         (abs)        0082
wtemp3                         (abs)        0084
wtemp4                         (abs)        0086
wtemp5                         (abs)        0088
wtemp6                         (abs)        007F


FUNCTION INFORMATION:

 *************** function _main *****************
 Defined at:
		line 55 in file "main.c"
 Parameters:    Size  Location     Type
		None
 Auto vars:     Size  Location     Type
		None
 Return value:  Size  Location     Type
		None               void
 Registers used:
		wreg, fsr0l, fsr0h, status,2, status,0, btemp+1, pclath, cstack
 Tracked objects:
		On entry : 
		On exit  : 
		Unchanged: 
 Data sizes:     COMMON   BANK0   BANK1   BANK2
      Params:         0       0       0       0
      Locals:         0       0       0       0
      Temps:          0       2       0       0
      Totals:         0       2       0       0
Total ram usage:        2 bytes
 Hardware stack levels required when called:    5
 This function calls:
		_ConfigureOscillator
		_InitApp
		_calcula_mensaje_crc
		_configura_USART
 This function is called by:
		Startup code after reset
 This function uses a non-reentrant model


 *************** function _configura_USART *****************
 Defined at:
		line 14 in file "usart1.c"
 Parameters:    Size  Location     Type
		None
 Auto vars:     Size  Location     Type
		None
 Return value:  Size  Location     Type
		None               void
 Registers used:
		wreg
 Tracked objects:
		On entry : 
		On exit  : 
		Unchanged: 
 Data sizes:     COMMON   BANK0   BANK1   BANK2
      Params:         0       0       0       0
      Locals:         0       0       0       0
      Temps:          0       0       0       0
      Totals:         0       0       0       0
Total ram usage:        0 bytes
 Hardware stack levels used:    1
 Hardware stack levels required when called:    2
 This function calls:
		Nothing
 This function is called by:
		_main
 This function uses a non-reentrant model


 *************** function _calcula_mensaje_crc *****************
 Defined at:
		line 69 in file "uso_crc_maestro.c"
 Parameters:    Size  Location     Type
  packet_ptr      1    wreg     PTR unsigned char 
		 -> cadenarecibida(6), 
 Auto vars:     Size  Location     Type
  packet_ptr      1   41[BANK0 ] PTR unsigned char 
		 -> cadenarecibida(6), 
  CRC             2   39[BANK0 ] unsigned int 
 Return value:  Size  Location     Type
                  2   36[BANK0 ] int 
 Registers used:
		wreg, fsr0l, fsr0h, status,2, status,0, btemp+1, pclath, cstack
 Tracked objects:
		On entry : 
		On exit  : 
		Unchanged: 
 Data sizes:     COMMON   BANK0   BANK1   BANK2
      Params:         0       3       0       0
      Locals:         0       3       0       0
      Temps:          0       0       0       0
      Totals:         0       6       0       0
Total ram usage:        6 bytes
 Hardware stack levels used:    1
 Hardware stack levels required when called:    4
 This function calls:
		_calcula_CRC16
 This function is called by:
		_main
 This function uses a non-reentrant model


 *************** function _calcula_CRC16 *****************
 Defined at:
		line 124 in file "uso_crc_maestro.c"
 Parameters:    Size  Location     Type
  datos           1    wreg     PTR unsigned char 
		 -> cadenarecibida(6), 
  polinomio       4   21[BANK0 ] long 
  inival          4   25[BANK0 ] long 
 Auto vars:     Size  Location     Type
  datos           1   35[BANK0 ] PTR unsigned char 
		 -> cadenarecibida(6), 
  aux             2   31[BANK0 ] unsigned int 
  i               2   33[BANK0 ] int 
 Return value:  Size  Location     Type
                  2   21[BANK0 ] int 
 Registers used:
		wreg, fsr0l, fsr0h, status,2, status,0, btemp+1, pclath, cstack
 Tracked objects:
		On entry : 
		On exit  : 
		Unchanged: 
 Data sizes:     COMMON   BANK0   BANK1   BANK2
      Params:         0       8       0       0
      Locals:         0       5       0       0
      Temps:          0       2       0       0
      Totals:         0      15       0       0
Total ram usage:       15 bytes
 Hardware stack levels used:    1
 Hardware stack levels required when called:    3
 This function calls:
		_CRC16
		_strlen
 This function is called by:
		_calcula_mensaje_crc
 This function uses a non-reentrant model


 *************** function _strlen *****************
 Defined at:
		line 4 in file "/opt/microchip/xc8/v1.31/sources/common/strlen.c"
 Parameters:    Size  Location     Type
  s               1    wreg     PTR const unsigned char 
		 -> cadenarecibida(6), 
 Auto vars:     Size  Location     Type
  s               1    3[BANK0 ] PTR const unsigned char 
		 -> cadenarecibida(6), 
  cp              1    4[BANK0 ] PTR const unsigned char 
		 -> cadenarecibida(6), 
 Return value:  Size  Location     Type
                  2    0[BANK0 ] unsigned int 
 Registers used:
		wreg, fsr0l, fsr0h, status,2, status,0
 Tracked objects:
		On entry : 
		On exit  : 
		Unchanged: 
 Data sizes:     COMMON   BANK0   BANK1   BANK2
      Params:         0       3       0       0
      Locals:         0       2       0       0
      Temps:          0       0       0       0
      Totals:         0       5       0       0
Total ram usage:        5 bytes
 Hardware stack levels used:    1
 Hardware stack levels required when called:    2
 This function calls:
		Nothing
 This function is called by:
		_calcula_CRC16
 This function uses a non-reentrant model


 *************** function _CRC16 *****************
 Defined at:
		line 104 in file "uso_crc_maestro.c"
 Parameters:    Size  Location     Type
  value           1    wreg     unsigned char 
  poly            4    0[BANK0 ] long 
  init_value      4    4[BANK0 ] long 
  exit_value      4    8[BANK0 ] long 
 Auto vars:     Size  Location     Type
  value           1   12[BANK0 ] unsigned char 
  res             4   17[BANK0 ] long 
  i               4   13[BANK0 ] long 
 Return value:  Size  Location     Type
                  4    0[BANK0 ] long 
 Registers used:
		wreg, status,2, status,0, btemp+1
 Tracked objects:
		On entry : 
		On exit  : 
		Unchanged: 
 Data sizes:     COMMON   BANK0   BANK1   BANK2
      Params:         0      12       0       0
      Locals:         0       9       0       0
      Temps:          0       0       0       0
      Totals:         0      21       0       0
Total ram usage:       21 bytes
 Hardware stack levels used:    1
 Hardware stack levels required when called:    2
 This function calls:
		Nothing
 This function is called by:
		_calcula_CRC16
 This function uses a non-reentrant model


 *************** function _InitApp *****************
 Defined at:
		line 22 in file "user.c"
 Parameters:    Size  Location     Type
		None
 Auto vars:     Size  Location     Type
		None
 Return value:  Size  Location     Type
		None               void
 Registers used:
		wreg, status,2, status,0
 Tracked objects:
		On entry : 
		On exit  : 
		Unchanged: 
 Data sizes:     COMMON   BANK0   BANK1   BANK2
      Params:         0       0       0       0
      Locals:         0       0       0       0
      Temps:          0       0       0       0
      Totals:         0       0       0       0
Total ram usage:        0 bytes
 Hardware stack levels used:    1
 Hardware stack levels required when called:    2
 This function calls:
		Nothing
 This function is called by:
		_main
 This function uses a non-reentrant model


 *************** function _ConfigureOscillator *****************
 Defined at:
		line 18 in file "system.c"
 Parameters:    Size  Location     Type
		None
 Auto vars:     Size  Location     Type
		None
 Return value:  Size  Location     Type
		None               void
 Registers used:
		None
 Tracked objects:
		On entry : 
		On exit  : 
		Unchanged: 
 Data sizes:     COMMON   BANK0   BANK1   BANK2
      Params:         0       0       0       0
      Locals:         0       0       0       0
      Temps:          0       0       0       0
      Totals:         0       0       0       0
Total ram usage:        0 bytes
 Hardware stack levels used:    1
 Hardware stack levels required when called:    2
 This function calls:
		Nothing
 This function is called by:
		_main
 This function uses a non-reentrant model


 *************** function _isr *****************
 Defined at:
		line 24 in file "interrupts.c"
 Parameters:    Size  Location     Type
		None
 Auto vars:     Size  Location     Type
  datosrecibid    1    5[COMMON] volatile unsigned char 
 Return value:  Size  Location     Type
		None               void
 Registers used:
		wreg, fsr0l, fsr0h, status,2, status,0, pclath, cstack
 Tracked objects:
		On entry : 
		On exit  : 
		Unchanged: 
 Data sizes:     COMMON   BANK0   BANK1   BANK2
      Params:         0       0       0       0
      Locals:         1       0       0       0
      Temps:          5       0       0       0
      Totals:         6       0       0       0
Total ram usage:        6 bytes
 Hardware stack levels used:    1
 Hardware stack levels required when called:    1
 This function calls:
		_getch
 This function is called by:
		Interrupt level 1
 This function uses a non-reentrant model


 *************** function _getch *****************
 Defined at:
		line 69 in file "usart1.c"
 Parameters:    Size  Location     Type
		None
 Auto vars:     Size  Location     Type
		None
 Return value:  Size  Location     Type
                  1    wreg      unsigned char 
 Registers used:
		wreg
 Tracked objects:
		On entry : 
		On exit  : 
		Unchanged: 
 Data sizes:     COMMON   BANK0   BANK1   BANK2
      Params:         0       0       0       0
      Locals:         0       0       0       0
      Temps:          0       0       0       0
      Totals:         0       0       0       0
Total ram usage:        0 bytes
 Hardware stack levels used:    1
 This function calls:
		Nothing
 This function is called by:
		_isr
 This function uses a non-reentrant model



MODULE INFORMATION

Module		Function		Class		Link	Load	Size
usart1.c
		_configura_USAR		CODE           	018F	0000	10
		_getch         		CODE           	019C	0000	2

usart1.c estimated size: 12

/opt/microchip/xc8/v1.31/sources/common/strlen.c
		_strlen        		CODE           	017E	0000	17

/opt/microchip/xc8/v1.31/sources/common/strlen.c estimated size: 17

shared
		__initializatio		CODE           	000D	0000	10

shared estimated size: 10

main.c
		_main          		CODE           	0126	0000	33

main.c estimated size: 33

system.c
		_ConfigureOscil		CODE           	0199	0000	3

system.c estimated size: 3

interrupts.c
		_isr           		CODE           	0078	0000	93

interrupts.c estimated size: 93

user.c
		_InitApp       		CODE           	0147	0000	33

user.c estimated size: 33

uso_crc_maestro.c
		_calcula_mensaj		CODE           	0168	0000	22
		_calcula_CRC16 		CODE           	0019	0000	95
		_CRC16         		CODE           	00D5	0000	81

uso_crc_maestro.c estimated size: 198

