Microchip MPLAB XC8 Compiler V1.21 ()

Linker command line:

--edf=/opt/microchip/xc8/v1.21/dat/en_msgs.txt -cs \
  -h+dist/16f628A/debug/interruptor_Inalambrico_Maestro_RS232.X.debug.sym \
  --cmf=dist/16f628A/debug/interruptor_Inalambrico_Maestro_RS232.X.debug.cmf \
  -z -Q16F628A -o/tmp/cgtSIBgLy \
  -Mdist/16f628A/debug/interruptor_Inalambrico_Maestro_RS232.X.debug.map \
  -E1 -ver=XC8 -ACONST=00h-0FFhx8 -ACODE=00h-07FFh -ASTRCODE=00h-07FFh \
  -AENTRY=00h-0FFhx8 -ASTRING=00h-0FFhx8 -ACOMMON=070h-07Fh \
  -ABANK0=020h-06Fh -ABANK1=0A0h-0EFh -ABANK2=0120h-014Fh \
  -ARAM=020h-06Fh,0A0h-0EFh,0120h-014Fh \
  -AABS1=020h-07Fh,0A0h-0EFh,0120h-014Fh -ASFR0=00h-01Fh -ASFR1=080h-09Fh \
  -ASFR2=0100h-011Fh -ASFR3=0180h-01EFh \
  -preset_vec=00h,intentry=04h,init,end_init -ppowerup=CODE -pcinit=CODE \
  -pfunctab=CODE -ACONFIG=02007h-02007h -pconfig=CONFIG -DCONFIG=2 \
  -AIDLOC=02000h-02003h -pidloc=IDLOC -DIDLOC=2 -AEEDATA=00h-07Fh/02100h \
  -peeprom_data=EEDATA -DEEDATA=2 -DCODE=2 -DSTRCODE=2 -DSTRING=2 -DCONST=2 \
  -DENTRY=2 -k /tmp/cgtppMJCc.obj \
  dist/16f628A/debug/interruptor_Inalambrico_Maestro_RS232.X.debug.obj 

Object code version is 3.11

Machine type is 16F628A



                Name                               Link     Load   Length Selector   Space Scale
/tmp/cgtppMJCc.obj
                end_init                              A        A        1        8       0
                reset_vec                             0        0        1        0       0
                config                             2007     2007        1     400E       0
dist/16f628A/debug/interruptor_Inalambrico_Maestro_RS232.X.debug.obj
                cinit                                 B        B        5        8       0
                intentry                              4        4        6        8       0
                text7                               11F      11F       1A      1B4       0
                text6                               14B      14B        1      1B4       0
                text5                               139      139        C      1B4       0
                text4                               104      104       1B      1B4       0
                text3                               145      145        6      1B4       0
                text2                                DA       DA       2A      1B4       0
                text1                                10       10       5D        8       0
                maintext                             6D       6D       37        8       0
                cstackBANK0                          20       20        F       20       1
                cstackCOMMON                         70       70        B       70       1
                dataBANK0                            30       30        1       20       1
                bssBANK0                             2F       2F        1       20       1
                strings                              A4       A4       36      148       0

TOTAL           Name                               Link     Load   Length     Space
        CLASS   CONST          

        CLASS   CODE           
                end_init                              A        A        1         0
                cinit                                 B        B        5         0
                intentry                              4        4        6         0
                reset_vec                             0        0        1         0
                text7                               11F      11F       1A         0
                text6                               14B      14B        1         0
                text5                               139      139        C         0
                text4                               104      104       1B         0
                text3                               145      145        6         0
                text2                                DA       DA       2A         0
                text1                                10       10       5D         0
                maintext                             6D       6D       37         0

        CLASS   STRCODE        

        CLASS   ENTRY          

        CLASS   STRING         
                strings                              A4       A4       36         0

        CLASS   COMMON         
                cstackCOMMON                         70       70        B         1

        CLASS   BANK0          
                cstackBANK0                          20       20        F         1
                dataBANK0                            30       30        1         1
                bssBANK0                             2F       2F        1         1

        CLASS   BANK1          

        CLASS   BANK2          

        CLASS   RAM            

        CLASS   ABS1           
                abs_s1                               7E       7E        2         1

        CLASS   SFR0           

        CLASS   SFR1           

        CLASS   SFR2           

        CLASS   SFR3           

        CLASS   CONFIG         
                config                             2007     2007        1         0

        CLASS   IDLOC          

        CLASS   EEDATA         

        CLASS   BANK3          



SEGMENTS        Name                           Load    Length   Top    Selector   Space  Class     Delta

                reset_vec                      000000  000001  000001         0       0  CODE        2
                intentry                       000004  0000A0  0000A4         8       0  CODE        2
                cstackBANK0                    000020  000011  000031        20       1  BANK0       1
                cstackCOMMON                   000070  00000B  00007B        70       1  COMMON      1
                strings                        0000A4  000036  0000DA       148       0  STRING      2
                text2                          0000DA  000072  00014C       1B4       0  CODE        2
                config                         002007  000001  002008      400E       0  CONFIG      2


UNUSED ADDRESS RANGES

        Name                Unused          Largest block    Delta
        BANK0            0031-006F             3F           1
        BANK1            00A0-00EF             50           1
        BANK2            0120-014F             30           1
        CODE             0001-0003              3           2
                         014C-07FF            6B4
        COMMON           007B-007D              3           1
        CONST            0001-0003              3           2
                         014C-07FF            100
        EEDATA           2100-217F             80           2
        ENTRY            0001-0003              3           2
                         014C-07FF            100
        IDLOC            2000-2003              4           2
        RAM              0031-006F             3F           1
                         00A0-00EF             50
                         0120-014F             30
        SFR0             0000-001F             20           1
        SFR1             0080-009F             20           1
        SFR2             0100-011F             20           1
        SFR3             0180-01EF             70           1
        STRCODE          0001-0003              3           2
                         014C-07FF            6B4
        STRING           0001-0003              3           2
                         014C-07FF            100

                                  Symbol Table

?___lwdiv                     cstackCOMMON 0072
?_printf                      cstackBANK0  0020
_Bandera_boton_pulsado        bssBANK0     002F
_CMCON                        (abs)        001F
_ConfigureOscillator          text6        014B
_INTCONbits                   (abs)        000B
_InitApp                      text4        0104
_OPTION_REGbits               (abs)        0081
_PORTA                        (abs)        0005
_PORTB                        (abs)        0006
_PORTBbits                    (abs)        0006
_RCSTAbits                    (abs)        0018
_SPBRG                        (abs)        0099
_TRISA                        (abs)        0085
_TRISB                        (abs)        0086
_TXIF                         (abs)        0064
_TXREG                        (abs)        0019
_TXSTAbits                    (abs)        0098
__CFG_BOREN$ON                (abs)        0000
__CFG_CP$OFF                  (abs)        0000
__CFG_CPD$OFF                 (abs)        0000
__CFG_FOSC$HS                 (abs)        0000
__CFG_LVP$OFF                 (abs)        0000
__CFG_MCLRE$ON                (abs)        0000
__CFG_PWRTE$ON                (abs)        0000
__CFG_WDTE$OFF                (abs)        0000
__Habs1                       abs1         0000
__Hbank0                      bank0        0000
__Hbank1                      bank1        0000
__Hbank2                      bank2        0000
__Hbank3                      bank3        0000
__HbssBANK0                   bssBANK0     0000
__Hcinit                      cinit        0010
__Hclrtext                    clrtext      0000
__Hcode                       code         0000
__Hcommon                     common       0000
__Hconfig                     config       2008
__HcstackBANK0                cstackBANK0  0000
__HcstackCOMMON               cstackCOMMON 0000
__HdataBANK0                  dataBANK0    0000
__Heeprom_data                eeprom_data  0000
__Hend_init                   end_init     000B
__Hfunctab                    functab      0000
__HidataBANK0                 idataBANK0   0000
__Hidloc                      idloc        0000
__Hinit                       init         000A
__Hintentry                   intentry     000A
__Hmaintext                   maintext     0000
__Hpa_nodes                   pa_nodes     0000
__Hpowerup                    powerup      0000
__Hram                        ram          0000
__Hreset_vec                  reset_vec    0001
__Hsfr0                       sfr0         0000
__Hsfr1                       sfr1         0000
__Hsfr2                       sfr2         0000
__Hsfr3                       sfr3         0000
__Hstrings                    strings      0000
__Htext                       text         0000
__Labs1                       abs1         0000
__Lbank0                      bank0        0000
__Lbank1                      bank1        0000
__Lbank2                      bank2        0000
__Lbank3                      bank3        0000
__LbssBANK0                   bssBANK0     0000
__Lcinit                      cinit        000B
__Lclrtext                    clrtext      0000
__Lcode                       code         0000
__Lcommon                     common       0000
__Lconfig                     config       2007
__LcstackBANK0                cstackBANK0  0000
__LcstackCOMMON               cstackCOMMON 0000
__LdataBANK0                  dataBANK0    0000
__Leeprom_data                eeprom_data  0000
__Lend_init                   end_init     000A
__Lfunctab                    functab      0000
__LidataBANK0                 idataBANK0   0000
__Lidloc                      idloc        0000
__Linit                       init         000A
__Lintentry                   intentry     0004
__Lmaintext                   maintext     0000
__Lpa_nodes                   pa_nodes     0000
__Lpowerup                    powerup      0000
__Lram                        ram          0000
__Lreset_vec                  reset_vec    0000
__Lsfr0                       sfr0         0000
__Lsfr1                       sfr1         0000
__Lsfr2                       sfr2         0000
__Lsfr3                       sfr3         0000
__Lstrings                    strings      0000
__Ltext                       text         0000
__S0                          (abs)        2008
__S1                          (abs)        007B
__S3                          (abs)        0000
___latbits                    (abs)        0000
___lwdiv                      text2        00DA
___lwdiv@counter              cstackCOMMON 0078
___lwdiv@dividend             cstackCOMMON 0074
___lwdiv@divisor              cstackCOMMON 0072
___lwdiv@quotient             cstackCOMMON 0076
__end_of_ConfigureOscillator  text6        014C
__end_of_InitApp              text4        011F
__end_of___lwdiv              text2        0104
__end_of__initialization      cinit        000E
__end_of__stringdata          strings      00DA
__end_of__stringtab           strings      00AA
__end_of_configura_USART      text5        0145
__end_of_hexpowers            strings      00B2
__end_of_isr                  text7        0139
__end_of_main                 maintext     00A4
__end_of_printf               text1        006D
__end_of_putch                text3        014B
__initialization              cinit        000B
__pbssBANK0                   bssBANK0     002F
__pcstackBANK0                cstackBANK0  0020
__pcstackCOMMON               cstackCOMMON 0070
__pdataBANK0                  dataBANK0    0030
__pidataBANK0                 idataBANK0   0000
__pintentry                   intentry     0004
__pmaintext                   maintext     006D
__pstrings                    strings      00A4
__ptext1                      text1        0010
__ptext2                      text2        00DA
__ptext3                      text3        0145
__ptext4                      text4        0104
__ptext5                      text5        0139
__ptext6                      text6        014B
__ptext7                      text7        011F
__size_of_ConfigureOscillator (abs)        0000
__size_of_InitApp             (abs)        0000
__size_of___lwdiv             (abs)        0000
__size_of_configura_USART     (abs)        0000
__size_of_isr                 (abs)        0000
__size_of_main                (abs)        0000
__size_of_printf              (abs)        0000
__size_of_putch               (abs)        0000
__stringbase                  strings      00A9
__stringdata                  strings      00B2
__stringtab                   strings      00A4
_configura_USART              text5        0139
_datos                        dataBANK0    0030
_hexpowers                    strings      00AA
_isr                          text7        011F
_main                         maintext     006D
_printf                       text1        0010
_putch                        text3        0145
btemp                         (abs)        007E
end_of_initialization         cinit        000E
interrupt_function            intentry     0004
intlevel0                     functab      0000
intlevel1                     functab      0000
intlevel2                     functab      0000
intlevel3                     functab      0000
intlevel4                     functab      0000
intlevel5                     functab      0000
printf@_val                   cstackBANK0  0026
printf@ap                     cstackBANK0  0024
printf@c                      cstackBANK0  002C
printf@f                      cstackBANK0  002A
printf@idx                    cstackBANK0  0025
printf@prec                   cstackBANK0  002B
putch@data                    cstackCOMMON 0072
reset_vec                     reset_vec    0000
saved_w                       (abs)        007E
start                         init         000A
start_initialization          cinit        000B
wtemp0                        (abs)        007E


FUNCTION INFORMATION:

 *************** function _main *****************
 Defined at:
		line 50 in file "main.c"
 Parameters:    Size  Location     Type
		None
 Auto vars:     Size  Location     Type
		None
 Return value:  Size  Location     Type
		None               void
 Registers used:
		wreg, fsr0l, fsr0h, fsr1l, fsr1h, fsr1l, fsr1h, status,2, status,0, btemp+1, pclath, cstack
 Tracked objects:
		On entry : 
		On exit  : 
		Unchanged: 
 Data sizes:     COMMON   BANK0   BANK1   BANK2
      Params:         0       0       0       0
      Locals:         0       0       0       0
      Temps:          0       2       0       0
      Totals:         0       2       0       0
Total ram usage:        2 bytes
 Hardware stack levels required when called:    3
 This function calls:
		_ConfigureOscillator
		_configura_USART
		_InitApp
		_printf
 This function is called by:
		Startup code after reset
 This function uses a non-reentrant model


 *************** function _printf *****************
 Defined at:
		line 465 in file "/opt/microchip/xc8/v1.21/sources/common/doprnt.c"
 Parameters:    Size  Location     Type
  f               1    wreg     PTR const unsigned char 
		 -> STR_1(23), 
 Auto vars:     Size  Location     Type
  f               1   10[BANK0 ] PTR const unsigned char 
		 -> STR_1(23), 
  idx             1    5[BANK0 ] unsigned char 
  _val            4    6[BANK0 ] struct .
  c               1   12[BANK0 ] char 
  prec            1   11[BANK0 ] char 
  ap              1    4[BANK0 ] PTR void [1]
		 -> ?_printf(2), 
  flag            1    0        unsigned char 
 Return value:  Size  Location     Type
                  2    0[BANK0 ] int 
 Registers used:
		wreg, fsr0l, fsr0h, status,2, status,0, btemp+1, pclath, cstack
 Tracked objects:
		On entry : 
		On exit  : 
		Unchanged: 
 Data sizes:     COMMON   BANK0   BANK1   BANK2
      Params:         0       4       0       0
      Locals:         0       9       0       0
      Temps:          2       0       0       0
      Totals:         2      13       0       0
Total ram usage:       15 bytes
 Hardware stack levels used:    1
 Hardware stack levels required when called:    2
 This function calls:
		_putch
		___lwdiv
 This function is called by:
		_main
 This function uses a non-reentrant model


 *************** function ___lwdiv *****************
 Defined at:
		line 5 in file "/opt/microchip/xc8/v1.21/sources/pic/lwdiv.c"
 Parameters:    Size  Location     Type
  divisor         2    2[COMMON] unsigned int 
  dividend        2    4[COMMON] unsigned int 
 Auto vars:     Size  Location     Type
  quotient        2    6[COMMON] unsigned int 
  counter         1    8[COMMON] unsigned char 
 Return value:  Size  Location     Type
                  2    2[COMMON] unsigned int 
 Registers used:
		wreg, status,2, status,0
 Tracked objects:
		On entry : 
		On exit  : 
		Unchanged: 
 Data sizes:     COMMON   BANK0   BANK1   BANK2
      Params:         4       0       0       0
      Locals:         3       0       0       0
      Temps:          0       0       0       0
      Totals:         7       0       0       0
Total ram usage:        7 bytes
 Hardware stack levels used:    1
 Hardware stack levels required when called:    1
 This function calls:
		Nothing
 This function is called by:
		_printf
 This function uses a non-reentrant model


 *************** function _putch *****************
 Defined at:
		line 60 in file "usart1.c"
 Parameters:    Size  Location     Type
  data            1    wreg     unsigned char 
 Auto vars:     Size  Location     Type
  data            1    2[COMMON] unsigned char 
 Return value:  Size  Location     Type
		None               void
 Registers used:
		wreg
 Tracked objects:
		On entry : 
		On exit  : 
		Unchanged: 
 Data sizes:     COMMON   BANK0   BANK1   BANK2
      Params:         0       0       0       0
      Locals:         1       0       0       0
      Temps:          0       0       0       0
      Totals:         1       0       0       0
Total ram usage:        1 bytes
 Hardware stack levels used:    1
 Hardware stack levels required when called:    1
 This function calls:
		Nothing
 This function is called by:
		_printf
 This function uses a non-reentrant model


 *************** function _InitApp *****************
 Defined at:
		line 23 in file "user.c"
 Parameters:    Size  Location     Type
		None
 Auto vars:     Size  Location     Type
		None
 Return value:  Size  Location     Type
		None               void
 Registers used:
		wreg, status,2, status,0
 Tracked objects:
		On entry : 
		On exit  : 
		Unchanged: 
 Data sizes:     COMMON   BANK0   BANK1   BANK2
      Params:         0       0       0       0
      Locals:         0       0       0       0
      Temps:          0       0       0       0
      Totals:         0       0       0       0
Total ram usage:        0 bytes
 Hardware stack levels used:    1
 Hardware stack levels required when called:    1
 This function calls:
		Nothing
 This function is called by:
		_main
 This function uses a non-reentrant model


 *************** function _configura_USART *****************
 Defined at:
		line 14 in file "usart1.c"
 Parameters:    Size  Location     Type
		None
 Auto vars:     Size  Location     Type
		None
 Return value:  Size  Location     Type
		None               void
 Registers used:
		wreg
 Tracked objects:
		On entry : 
		On exit  : 
		Unchanged: 
 Data sizes:     COMMON   BANK0   BANK1   BANK2
      Params:         0       0       0       0
      Locals:         0       0       0       0
      Temps:          0       0       0       0
      Totals:         0       0       0       0
Total ram usage:        0 bytes
 Hardware stack levels used:    1
 Hardware stack levels required when called:    1
 This function calls:
		Nothing
 This function is called by:
		_main
 This function uses a non-reentrant model


 *************** function _ConfigureOscillator *****************
 Defined at:
		line 19 in file "system.c"
 Parameters:    Size  Location     Type
		None
 Auto vars:     Size  Location     Type
		None
 Return value:  Size  Location     Type
		None               void
 Registers used:
		None
 Tracked objects:
		On entry : 
		On exit  : 
		Unchanged: 
 Data sizes:     COMMON   BANK0   BANK1   BANK2
      Params:         0       0       0       0
      Locals:         0       0       0       0
      Temps:          0       0       0       0
      Totals:         0       0       0       0
Total ram usage:        0 bytes
 Hardware stack levels used:    1
 Hardware stack levels required when called:    1
 This function calls:
		Nothing
 This function is called by:
		_main
 This function uses a non-reentrant model


 *************** function _isr *****************
 Defined at:
		line 24 in file "interrupts.c"
 Parameters:    Size  Location     Type
		None
 Auto vars:     Size  Location     Type
		None
 Return value:  Size  Location     Type
		None               void
 Registers used:
		wreg, status,2, status,0
 Tracked objects:
		On entry : 
		On exit  : 
		Unchanged: 
 Data sizes:     COMMON   BANK0   BANK1   BANK2
      Params:         0       0       0       0
      Locals:         0       0       0       0
      Temps:          2       0       0       0
      Totals:         2       0       0       0
Total ram usage:        2 bytes
 Hardware stack levels used:    1
 This function calls:
		Nothing
 This function is called by:
		Interrupt level 1
 This function uses a non-reentrant model



MODULE INFORMATION

Module		Function		Class		Link	Load	Size
usart1.c
		_putch         		CODE           	0145	0000	6
		_configura_USAR		CODE           	0139	0000	12

usart1.c estimated size: 18

/opt/microchip/xc8/v1.21/sources/pic/lwdiv.c
		___lwdiv       		CODE           	00DA	0000	42

/opt/microchip/xc8/v1.21/sources/pic/lwdiv.c estimated size: 42

shared
		__stringtab    		STRING         	00A4	0000	6
		__stringdata   		STRING         	00B2	0000	40
		__initializatio		CODE           	000B	0000	3
		_hexpowers     		STRING         	00AA	0000	8

shared estimated size: 57

main.c
		_main          		CODE           	006D	0000	55

main.c estimated size: 55

system.c
		_ConfigureOscil		CODE           	014B	0000	1

system.c estimated size: 1

interrupts.c
		_isr           		CODE           	011F	0000	26

interrupts.c estimated size: 26

/opt/microchip/xc8/v1.21/sources/common/doprnt.c
		_printf        		CODE           	0010	0000	93

/opt/microchip/xc8/v1.21/sources/common/doprnt.c estimated size: 93

user.c
		_InitApp       		CODE           	0104	0000	27

user.c estimated size: 27

